This is pdfTeX, Version 3.141592653-2.6-1.40.28 (MiKTeX 25.12) (preloaded format=pdflatex.fmt)
 restricted \write18 enabled.
entering extended mode
(main.tex
LaTeX2e <2025-11-01>
L3 programming layer <2025-12-24>
(C:\Users\khiem\AppData\Local\Programs\MiKTeX\tex/latex/extsizes\extreport.cls
Document Class: extreport 1996/10/08 v1.0 Non Standard LaTeX document class
(C:\Users\khiem\AppData\Local\Programs\MiKTeX\tex/latex/extsizes\size14.clo)
(C:\Users\khiem\AppData\Local\Programs\MiKTeX\tex/latex/base\exscale.sty))
(C:\Users\khiem\AppData\Local\Programs\MiKTeX\tex/latex/base\fontenc.sty
(C:\Users\khiem\AppData\Local\Programs\MiKTeX\tex/latex/vntex\t5enc.def
(C:\Users\khiem\AppData\Local\Programs\MiKTeX\tex/latex/vntex\t5enc.dfu))
(C:\Users\khiem\AppData\Local\Programs\MiKTeX\tex/latex/vntex\t5cmr.fd))
(C:\Users\khiem\AppData\Local\Programs\MiKTeX\tex/latex/base\inputenc.sty)
(C:\Users\khiem\AppData\Local\Programs\MiKTeX\tex/latex/tools\tabularx.sty
(C:\Users\khiem\AppData\Local\Programs\MiKTeX\tex/latex/tools\array.sty))
(C:\Users\khiem\AppData\Local\Programs\MiKTeX\tex/latex/biblatex\biblatex.sty
(C:\Users\khiem\AppData\Local\Programs\MiKTeX\tex/generic/pdftexcmds\pdftexcmds
.sty
(C:\Users\khiem\AppData\Local\Programs\MiKTeX\tex/generic/infwarerr\infwarerr.s
ty) (C:\Users\khiem\AppData\Local\Programs\MiKTeX\tex/generic/iftex\iftex.sty)
(C:\Users\khiem\AppData\Local\Programs\MiKTeX\tex/generic/ltxcmds\ltxcmds.sty))
 (C:\Users\khiem\AppData\Local\Programs\MiKTeX\tex/latex/etoolbox\etoolbox.sty)
 (C:\Users\khiem\AppData\Local\Programs\MiKTeX\tex/latex/graphics\keyval.sty)
(C:\Users\khiem\AppData\Local\Programs\MiKTeX\tex/latex/kvoptions\kvoptions.sty

(C:\Users\khiem\AppData\Local\Programs\MiKTeX\tex/latex/kvsetkeys\kvsetkeys.sty
)) (C:\Users\khiem\AppData\Local\Programs\MiKTeX\tex/latex/logreq\logreq.sty
(C:\Users\khiem\AppData\Local\Programs\MiKTeX\tex/latex/logreq\logreq.def))
(C:\Users\khiem\AppData\Local\Programs\MiKTeX\tex/latex/base\ifthen.sty)
(C:\Users\khiem\AppData\Local\Programs\MiKTeX\tex/latex/url\url.sty)
(C:\Users\khiem\AppData\Local\Programs\MiKTeX\tex/latex/biblatex\blx-dm.def)
(C:\Users\khiem\AppData\Local\Programs\MiKTeX\tex/latex/biblatex\blx-compat.def
) (C:\Users\khiem\AppData\Local\Programs\MiKTeX\tex/latex/biblatex\biblatex.def
)
(C:\Users\khiem\AppData\Local\Programs\MiKTeX\tex/latex/biblatex-ieee\ieee.bbx
(C:\Users\khiem\AppData\Local\Programs\MiKTeX\tex/latex/biblatex/bbx\numeric-co
mp.bbx
(C:\Users\khiem\AppData\Local\Programs\MiKTeX\tex/latex/biblatex/bbx\numeric.bb
x
(C:\Users\khiem\AppData\Local\Programs\MiKTeX\tex/latex/biblatex/bbx\standard.b
bx))))
(C:\Users\khiem\AppData\Local\Programs\MiKTeX\tex/latex/biblatex-ieee\ieee.cbx
(C:\Users\khiem\AppData\Local\Programs\MiKTeX\tex/latex/biblatex/cbx\numeric-ve
rb.cbx))
(C:\Users\khiem\AppData\Local\Programs\MiKTeX\tex/latex/biblatex\biblatex.cfg)
(C:\Users\khiem\AppData\Local\Programs\MiKTeX\tex/latex/l3kernel\expl3.sty
(C:\Users\khiem\AppData\Local\Programs\MiKTeX\tex/latex/l3backend\l3backend-pdf
tex.def))
(C:\Users\khiem\AppData\Local\Programs\MiKTeX\tex/latex/biblatex\blx-case-expl3
.sty
(C:\Users\khiem\AppData\Local\Programs\MiKTeX\tex/latex/l3packages/xparse\xpars
e.sty)))
(C:\Users\khiem\AppData\Local\Programs\MiKTeX\tex/latex/hyperref\hyperref.sty
(C:\Users\khiem\AppData\Local\Programs\MiKTeX\tex/generic/kvdefinekeys\kvdefine
keys.sty)
(C:\Users\khiem\AppData\Local\Programs\MiKTeX\tex/generic/pdfescape\pdfescape.s
ty) (C:\Users\khiem\AppData\Local\Programs\MiKTeX\tex/latex/hycolor\hycolor.sty
) (C:\Users\khiem\AppData\Local\Programs\MiKTeX\tex/latex/hyperref\nameref.sty
(C:\Users\khiem\AppData\Local\Programs\MiKTeX\tex/latex/refcount\refcount.sty)
(C:\Users\khiem\AppData\Local\Programs\MiKTeX\tex/generic/gettitlestring\gettit
lestring.sty))
(C:\Users\khiem\AppData\Local\Programs\MiKTeX\tex/generic/stringenc\stringenc.s
ty) (C:\Users\khiem\AppData\Local\Programs\MiKTeX\tex/latex/hyperref\pd1enc.def
) (C:\Users\khiem\AppData\Local\Programs\MiKTeX\tex/generic/intcalc\intcalc.sty
) (C:\Users\khiem\AppData\Local\Programs\MiKTeX\tex/latex/hyperref\puenc.def)
(C:\Users\khiem\AppData\Local\Programs\MiKTeX\tex/generic/bitset\bitset.sty
(C:\Users\khiem\AppData\Local\Programs\MiKTeX\tex/generic/bigintcalc\bigintcalc
.sty)))
(C:\Users\khiem\AppData\Local\Programs\MiKTeX\tex/latex/hyperref\hpdftex.def
(C:\Users\khiem\AppData\Local\Programs\MiKTeX\tex/latex/rerunfilecheck\rerunfil
echeck.sty
(C:\Users\khiem\AppData\Local\Programs\MiKTeX\tex/generic/uniquecounter\uniquec
ounter.sty)))
(C:\Users\khiem\AppData\Local\Programs\MiKTeX\tex/latex/graphics\graphicx.sty
(C:\Users\khiem\AppData\Local\Programs\MiKTeX\tex/latex/graphics\graphics.sty
(C:\Users\khiem\AppData\Local\Programs\MiKTeX\tex/latex/graphics\trig.sty)
(C:\Users\khiem\AppData\Local\Programs\MiKTeX\tex/latex/graphics-cfg\graphics.c
fg)
(C:\Users\khiem\AppData\Local\Programs\MiKTeX\tex/latex/graphics-def\pdftex.def
)))
(C:\Users\khiem\AppData\Local\Programs\MiKTeX\tex/latex/listings\listings.sty
(C:\Users\khiem\AppData\Local\Programs\MiKTeX\tex/latex/listings\lstpatch.sty)
(C:\Users\khiem\AppData\Local\Programs\MiKTeX\tex/latex/listings\lstmisc.sty)
(C:\Users\khiem\AppData\Local\Programs\MiKTeX\tex/latex/listings\listings.cfg))
==> First Aid for listings.sty no longer applied!
    Expected:
        2024/09/23 1.10c (Carsten Heinz)
    but found:
        2025/11/14 1.11b (Carsten Heinz)
    so I'm assuming it got fixed.
(C:\Users\khiem\AppData\Local\Programs\MiKTeX\tex/latex/graphics\color.sty
(C:\Users\khiem\AppData\Local\Programs\MiKTeX\tex/latex/graphics-cfg\color.cfg)
(C:\Users\khiem\AppData\Local\Programs\MiKTeX\tex/latex/graphics\mathcolor.ltx)
) (C:\Users\khiem\AppData\Local\Programs\MiKTeX\tex/latex/amsmath\amsmath.sty
For additional information on amsmath, use the `?' option.
(C:\Users\khiem\AppData\Local\Programs\MiKTeX\tex/latex/amsmath\amstext.sty
(C:\Users\khiem\AppData\Local\Programs\MiKTeX\tex/latex/amsmath\amsgen.sty))
(C:\Users\khiem\AppData\Local\Programs\MiKTeX\tex/latex/amsmath\amsbsy.sty)
(C:\Users\khiem\AppData\Local\Programs\MiKTeX\tex/latex/amsmath\amsopn.sty))
(C:\Users\khiem\AppData\Local\Programs\MiKTeX\tex/latex/algorithms\algorithm.st
y (C:\Users\khiem\AppData\Local\Programs\MiKTeX\tex/latex/float\float.sty))
(C:\Users\khiem\AppData\Local\Programs\MiKTeX\tex/latex/algorithmicx\algpseudoc
ode.sty
(C:\Users\khiem\AppData\Local\Programs\MiKTeX\tex/latex/algorithmicx\algorithmi
cx.sty
Document Style algorithmicx 1.2 - a greatly improved `algorithmic' style
)
Document Style - pseudocode environments for use with the `algorithmicx' style
) (C:\Users\khiem\AppData\Local\Programs\MiKTeX\tex/latex/multirow\multirow.sty
) (C:\Users\khiem\AppData\Local\Programs\MiKTeX\tex/latex/titlesec\titlesec.sty
) (C:\Users\khiem\AppData\Local\Programs\MiKTeX\tex/latex/setspace\setspace.sty
) (C:\Users\khiem\AppData\Local\Programs\MiKTeX\tex/latex/tools\indentfirst.sty
) (C:\Users\khiem\AppData\Local\Programs\MiKTeX\tex/latex/geometry\geometry.sty
(C:\Users\khiem\AppData\Local\Programs\MiKTeX\tex/generic/iftex\ifvtex.sty)
(C:\Users\khiem\AppData\Local\Programs\MiKTeX\tex/latex/geometry\geometry.cfg))

(C:\Users\khiem\AppData\Local\Programs\MiKTeX\tex/latex/pgf/frontendlayer\tikz.
sty
(C:\Users\khiem\AppData\Local\Programs\MiKTeX\tex/latex/pgf/basiclayer\pgf.sty
(C:\Users\khiem\AppData\Local\Programs\MiKTeX\tex/latex/pgf/utilities\pgfrcs.st
y
(C:\Users\khiem\AppData\Local\Programs\MiKTeX\tex/generic/pgf/utilities\pgfutil
-common.tex)
(C:\Users\khiem\AppData\Local\Programs\MiKTeX\tex/generic/pgf/utilities\pgfutil
-latex.def)
(C:\Users\khiem\AppData\Local\Programs\MiKTeX\tex/generic/pgf/utilities\pgfrcs.
code.tex
(C:\Users\khiem\AppData\Local\Programs\MiKTeX\tex/generic/pgf\pgf.revision.tex)
))
(C:\Users\khiem\AppData\Local\Programs\MiKTeX\tex/latex/pgf/basiclayer\pgfcore.
sty
(C:\Users\khiem\AppData\Local\Programs\MiKTeX\tex/latex/pgf/systemlayer\pgfsys.
sty
(C:\Users\khiem\AppData\Local\Programs\MiKTeX\tex/generic/pgf/systemlayer\pgfsy
s.code.tex
(C:\Users\khiem\AppData\Local\Programs\MiKTeX\tex/generic/pgf/utilities\pgfkeys
.code.tex
(C:\Users\khiem\AppData\Local\Programs\MiKTeX\tex/generic/pgf/utilities\pgfkeys
libraryfiltered.code.tex))
(C:\Users\khiem\AppData\Local\Programs\MiKTeX\tex/generic/pgf/systemlayer\pgf.c
fg)
(C:\Users\khiem\AppData\Local\Programs\MiKTeX\tex/generic/pgf/systemlayer\pgfsy
s-pdftex.def
(C:\Users\khiem\AppData\Local\Programs\MiKTeX\tex/generic/pgf/systemlayer\pgfsy
s-common-pdf.def)))
(C:\Users\khiem\AppData\Local\Programs\MiKTeX\tex/generic/pgf/systemlayer\pgfsy
ssoftpath.code.tex)
(C:\Users\khiem\AppData\Local\Programs\MiKTeX\tex/generic/pgf/systemlayer\pgfsy
sprotocol.code.tex))
(C:\Users\khiem\AppData\Local\Programs\MiKTeX\tex/latex/xcolor\xcolor.sty
(C:\Users\khiem\AppData\Local\Programs\MiKTeX\tex/latex/graphics-cfg\color.cfg)
(C:\Users\khiem\AppData\Local\Programs\MiKTeX\tex/latex/graphics\mathcolor.ltx)
)
(C:\Users\khiem\AppData\Local\Programs\MiKTeX\tex/generic/pgf/basiclayer\pgfcor
e.code.tex
(C:\Users\khiem\AppData\Local\Programs\MiKTeX\tex/generic/pgf/math\pgfmath.code
.tex
(C:\Users\khiem\AppData\Local\Programs\MiKTeX\tex/generic/pgf/math\pgfmathutil.
code.tex)
(C:\Users\khiem\AppData\Local\Programs\MiKTeX\tex/generic/pgf/math\pgfmathparse
r.code.tex)
(C:\Users\khiem\AppData\Local\Programs\MiKTeX\tex/generic/pgf/math\pgfmathfunct
ions.code.tex)
(C:\Users\khiem\AppData\Local\Programs\MiKTeX\tex/generic/pgf/math\pgfmathfunct
ions.basic.code.tex)
(C:\Users\khiem\AppData\Local\Programs\MiKTeX\tex/generic/pgf/math\pgfmathfunct
ions.trigonometric.code.tex)
(C:\Users\khiem\AppData\Local\Programs\MiKTeX\tex/generic/pgf/math\pgfmathfunct
ions.random.code.tex)
(C:\Users\khiem\AppData\Local\Programs\MiKTeX\tex/generic/pgf/math\pgfmathfunct
ions.comparison.code.tex)
(C:\Users\khiem\AppData\Local\Programs\MiKTeX\tex/generic/pgf/math\pgfmathfunct
ions.base.code.tex)
(C:\Users\khiem\AppData\Local\Programs\MiKTeX\tex/generic/pgf/math\pgfmathfunct
ions.round.code.tex)
(C:\Users\khiem\AppData\Local\Programs\MiKTeX\tex/generic/pgf/math\pgfmathfunct
ions.misc.code.tex)
(C:\Users\khiem\AppData\Local\Programs\MiKTeX\tex/generic/pgf/math\pgfmathfunct
ions.integerarithmetics.code.tex)
(C:\Users\khiem\AppData\Local\Programs\MiKTeX\tex/generic/pgf/math\pgfmathcalc.
code.tex)
(C:\Users\khiem\AppData\Local\Programs\MiKTeX\tex/generic/pgf/math\pgfmathfloat
.code.tex))
(C:\Users\khiem\AppData\Local\Programs\MiKTeX\tex/generic/pgf/math\pgfint.code.
tex)
(C:\Users\khiem\AppData\Local\Programs\MiKTeX\tex/generic/pgf/basiclayer\pgfcor
epoints.code.tex)
(C:\Users\khiem\AppData\Local\Programs\MiKTeX\tex/generic/pgf/basiclayer\pgfcor
epathconstruct.code.tex)
(C:\Users\khiem\AppData\Local\Programs\MiKTeX\tex/generic/pgf/basiclayer\pgfcor
epathusage.code.tex)
(C:\Users\khiem\AppData\Local\Programs\MiKTeX\tex/generic/pgf/basiclayer\pgfcor
escopes.code.tex)
(C:\Users\khiem\AppData\Local\Programs\MiKTeX\tex/generic/pgf/basiclayer\pgfcor
egraphicstate.code.tex)
(C:\Users\khiem\AppData\Local\Programs\MiKTeX\tex/generic/pgf/basiclayer\pgfcor
etransformations.code.tex)
(C:\Users\khiem\AppData\Local\Programs\MiKTeX\tex/generic/pgf/basiclayer\pgfcor
equick.code.tex)
(C:\Users\khiem\AppData\Local\Programs\MiKTeX\tex/generic/pgf/basiclayer\pgfcor
eobjects.code.tex)
(C:\Users\khiem\AppData\Local\Programs\MiKTeX\tex/generic/pgf/basiclayer\pgfcor
epathprocessing.code.tex)
(C:\Users\khiem\AppData\Local\Programs\MiKTeX\tex/generic/pgf/basiclayer\pgfcor
earrows.code.tex)
(C:\Users\khiem\AppData\Local\Programs\MiKTeX\tex/generic/pgf/basiclayer\pgfcor
eshade.code.tex)
(C:\Users\khiem\AppData\Local\Programs\MiKTeX\tex/generic/pgf/basiclayer\pgfcor
eimage.code.tex)
(C:\Users\khiem\AppData\Local\Programs\MiKTeX\tex/generic/pgf/basiclayer\pgfcor
eexternal.code.tex)
(C:\Users\khiem\AppData\Local\Programs\MiKTeX\tex/generic/pgf/basiclayer\pgfcor
elayers.code.tex)
(C:\Users\khiem\AppData\Local\Programs\MiKTeX\tex/generic/pgf/basiclayer\pgfcor
etransparency.code.tex)
(C:\Users\khiem\AppData\Local\Programs\MiKTeX\tex/generic/pgf/basiclayer\pgfcor
epatterns.code.tex)
(C:\Users\khiem\AppData\Local\Programs\MiKTeX\tex/generic/pgf/basiclayer\pgfcor
erdf.code.tex)))
(C:\Users\khiem\AppData\Local\Programs\MiKTeX\tex/generic/pgf/modules\pgfmodule
shapes.code.tex)
(C:\Users\khiem\AppData\Local\Programs\MiKTeX\tex/generic/pgf/modules\pgfmodule
plot.code.tex)
(C:\Users\khiem\AppData\Local\Programs\MiKTeX\tex/latex/pgf/compatibility\pgfco
mp-version-0-65.sty)
(C:\Users\khiem\AppData\Local\Programs\MiKTeX\tex/latex/pgf/compatibility\pgfco
mp-version-1-18.sty))
(C:\Users\khiem\AppData\Local\Programs\MiKTeX\tex/latex/pgf/utilities\pgffor.st
y
(C:\Users\khiem\AppData\Local\Programs\MiKTeX\tex/latex/pgf/utilities\pgfkeys.s
ty
(C:\Users\khiem\AppData\Local\Programs\MiKTeX\tex/generic/pgf/utilities\pgfkeys
.code.tex))
(C:\Users\khiem\AppData\Local\Programs\MiKTeX\tex/latex/pgf/math\pgfmath.sty
(C:\Users\khiem\AppData\Local\Programs\MiKTeX\tex/generic/pgf/math\pgfmath.code
.tex))
(C:\Users\khiem\AppData\Local\Programs\MiKTeX\tex/generic/pgf/utilities\pgffor.
code.tex))
(C:\Users\khiem\AppData\Local\Programs\MiKTeX\tex/generic/pgf/frontendlayer/tik
z\tikz.code.tex
(C:\Users\khiem\AppData\Local\Programs\MiKTeX\tex/generic/pgf/libraries\pgflibr
aryplothandlers.code.tex)
(C:\Users\khiem\AppData\Local\Programs\MiKTeX\tex/generic/pgf/modules\pgfmodule
matrix.code.tex)
(C:\Users\khiem\AppData\Local\Programs\MiKTeX\tex/generic/pgf/frontendlayer/tik
z/libraries\tikzlibrarytopaths.code.tex)))
(C:\Users\khiem\AppData\Local\Programs\MiKTeX\tex/generic/pgf/frontendlayer/tik
z/libraries\tikzlibrarycalc.code.tex) (main.aux (Appendix/commitment.aux)
(Appendix/thanks.aux) (Appendix/summary.aux) (Chapter1/chapter1.aux)
(Chapter2/chapter2.aux) (Chapter3/chapter3.aux) (Chapter4/chapter4.aux)
(Chapter5/chapter5.aux) (Appendix/appendix1.aux) (Appendix/appendix2.aux)
(Appendix/appendix3.aux) (Appendix/appendix4.aux) (Appendix/appendix5.aux)
(Appendix/appendix6.aux))
(C:\Users\khiem\AppData\Local\Programs\MiKTeX\tex/latex/biblatex/lbx\english.lb
x) (main.bbl) (main.out) (main.out)
(C:\Users\khiem\AppData\Local\Programs\MiKTeX\tex/context/base/mkii\supp-pdf.mk
ii
[Loading MPS to PDF converter (version 2006.09.02).]
)
(C:\Users\khiem\AppData\Local\Programs\MiKTeX\tex/latex/epstopdf-pkg\epstopdf-b
ase.sty
(C:\Users\khiem\AppData\Local\Programs\MiKTeX\tex/latex/00miktex\epstopdf-sys.c
fg))
*geometry* driver: auto-detecting
*geometry* detected driver: pdftex
(Title/title.tex [1{C:/Users/khiem/AppData/Local/MiKTeX/fonts/map/pdftex/pdftex
.map}]) (Appendix/commitment.tex) [1] (Appendix/thanks.tex [2]) [3] (main.toc
[4] [5]) [6] (main.lot) [7] (Appendix/summary.tex [8]) [9]
(Chapter1/chapter1.tex
Chapter 1.

pdfTeX warning (ext4): destination with the same identifier (name{page.1}) has 
been already used, duplicate ignored
<to be read again> 
                   \relax 
l.35 
      [1] [2] [3] [4] [5]
Overfull \hbox (5.05302pt too wide) in paragraph at lines 168--173
[]\T5/cmr/m/n/14.4 O5 Re-spond ap-pro-pri-ately to the or-di-nary day, through 
guided breath-
[6] [7] [8]) [9] (Chapter2/chapter2.tex
Chapter 2.
[10] [11] [12]
Overfull \hbox (26.2873pt too wide) in paragraph at lines 44--44
\T5/cmr/m/n/14.4 Mood/sleep/journal 

LaTeX Warning: Float too large for page by 13.55995pt on input line 64.


Overfull \hbox (5.71793pt too wide) in paragraph at lines 68--69
[]\T5/cmr/m/n/14.4 The sys-tem ar-chi-tec-ture pro-posed in Chap-ter []3[] buil
ds on well-established
[13]
Overfull \hbox (17.1217pt too wide) in paragraph at lines 74--75
\T5/cmr/m/n/14.4 man-ages coarse-grained per-mis-sions, Attribute-Based Ac-cess
 Con-trol (ABAC)
) [14] [15
pdfTeX warning (ext4): destination with the same identifier (name{table.2.1}) h
as been already used, duplicate ignored
<argument> ...shipout:D \box_use:N \l_shipout_box 
                                                  \__shipout_drop_firstpage_...
l.172 \include{Chapter2/chapter2}
                                  % Related Work] (Chapter3/chapter3.tex
Chapter 3.

Underfull \hbox (badness 6188) in paragraph at lines 40--41
[]|\T5/cmr/m/n/14.4 Focus Mode prompts a check-in

Underfull \hbox (badness 4378) in paragraph at lines 40--41
\T5/cmr/m/n/14.4 roughly ev-ery 90 min-utes dur-ing

Underfull \hbox (badness 3108) in paragraph at lines 40--41
\T5/cmr/m/n/14.4 wak-ing hours, silent dur-ing user-

Underfull \hbox (badness 10000) in paragraph at lines 50--52
[]|\T5/cmr/m/n/14.4 Therapist dis-cov-ery, ap-point-ment

Underfull \hbox (badness 5862) in paragraph at lines 50--52
\T5/cmr/m/n/14.4 book-ing, video con-sul-ta-tion, and

Underfull \hbox (badness 3250) in paragraph at lines 75--76
\T5/cmr/m/n/14.4 val-i-dated lo-cally by ev-ery ser-vice
[16] [17
pdfTeX warning (ext4): destination with the same identifier (name{table.3.1}) h
as been already used, duplicate ignored
<argument> ...shipout:D \box_use:N \l_shipout_box 
                                                  \__shipout_drop_firstpage_...
l.99 
     ] [18
pdfTeX warning (ext4): destination with the same identifier (name{table.3.2}) h
as been already used, duplicate ignored
<argument> ...shipout:D \box_use:N \l_shipout_box 
                                                  \__shipout_drop_firstpage_...
l.116 
      ] [19
pdfTeX warning (ext4): destination with the same identifier (name{figure.3.1}) 
has been already used, duplicate ignored
<argument> ...shipout:D \box_use:N \l_shipout_box 
                                                  \__shipout_drop_firstpage_...
l.135 
       <./Chapter3/images/ch3-overall-architecture.png (PNG copy)>] [20]
[21
pdfTeX warning (ext4): destination with the same identifier (name{table.3.3}) h
as been already used, duplicate ignored
<argument> ...shipout:D \box_use:N \l_shipout_box 
                                                  \__shipout_drop_firstpage_...
l.191 
      ] (C:\Users\khiem\AppData\Local\Programs\MiKTeX\tex/latex/vntex\t5cmtt.fd
)
Overfull \hbox (11.12639pt too wide) in paragraph at lines 203--204
\T5/cmr/m/n/14.4 As shown in Fig-ure []3.3[], the Ther-a-pist ser-vice pub-lish
es \T5/cmtt/m/n/14.4 appointment.booked

Overfull \hbox (9.47266pt too wide) in paragraph at lines 213--213
|[]\T5/cmr/bx/n/20.74 Authentication, Au-tho-riza-tion, and Data
[22] [23
pdfTeX warning (ext4): destination with the same identifier (name{figure.3.2}) 
has been already used, duplicate ignored
<argument> ...shipout:D \box_use:N \l_shipout_box 
                                                  \__shipout_drop_firstpage_...
l.221 \end{figure}
                  
pdfTeX warning (ext4): destination with the same identifier (name{figure.3.3}) 
has been already used, duplicate ignored
<argument> ...shipout:D \box_use:N \l_shipout_box 
                                                  \__shipout_drop_firstpage_...
l.221 \end{figure}
                   <./Chapter3/images/ch3-replication-events.png> <./Chapter3/i
mages/ch3-notification-events.png>] [24
pdfTeX warning (ext4): destination with the same identifier (name{figure.3.4}) 
has been already used, duplicate ignored
<argument> ...shipout:D \box_use:N \l_shipout_box 
                                                  \__shipout_drop_firstpage_...
l.226 
       <./Chapter3/images/ch3-permission-grant-flow.png (PNG copy)>] [25]
[26
pdfTeX warning (ext4): destination with the same identifier (name{figure.3.5}) 
has been already used, duplicate ignored
<argument> ...shipout:D \box_use:N \l_shipout_box 
                                                  \__shipout_drop_firstpage_...
l.254 
       <./Chapter3/images/ch3-ai-grounding.png (PNG copy)>]
Overfull \hbox (15.98302pt too wide) in paragraph at lines 272--278
[]\T5/cmr/m/n/14.4 Booking then fol-lows an ex-plicit state ma-chine. A re-ques
t stays \T5/cmtt/m/n/14.4 REQUESTED

Overfull \hbox (9.70828pt too wide) in paragraph at lines 279--286
\T5/cmr/m/n/14.4 first marks the ap-point-ment \T5/cmtt/m/n/14.4 PATIENT_COMPLE
TE \T5/cmr/m/n/14.4 or \T5/cmtt/m/n/14.4 PROFESSIONAL_COMPLETE
[27] [28]) [29] [30
pdfTeX warning (ext4): destination with the same identifier (name{figure.3.6}) 
has been already used, duplicate ignored
<argument> ...shipout:D \box_use:N \l_shipout_box 
                                                  \__shipout_drop_firstpage_...
l.173 \include{Chapter3/chapter3}
                                  % System Analysis and Design <./Chapter3/imag
es/ch3-deployment-topology.png (PNG copy)>] (Chapter4/chapter4.tex
Chapter 4.

Overfull \hbox (1.77171pt too wide) in paragraph at lines 1--1
|\T5/cmr/bx/n/29.86 Implementation and Eval-u-a-tion| 
[31] [32
pdfTeX warning (ext4): destination with the same identifier (name{figure.4.1}) 
has been already used, duplicate ignored
<argument> ...shipout:D \box_use:N \l_shipout_box 
                                                  \__shipout_drop_firstpage_...
l.26 
      <./Chapter4/images/j1-daily-loop.png>] [33
pdfTeX warning (ext4): destination with the same identifier (name{figure.4.2}) 
has been already used, duplicate ignored
<argument> ...shipout:D \box_use:N \l_shipout_box 
                                                  \__shipout_drop_firstpage_...
l.38 
      <./Chapter4/images/j2-low-moment.png>] [34
pdfTeX warning (ext4): destination with the same identifier (name{figure.4.3}) 
has been already used, duplicate ignored
<argument> ...shipout:D \box_use:N \l_shipout_box 
                                                  \__shipout_drop_firstpage_...
l.52 
      <./Chapter4/images/j3-companion.png>] [35] [36
pdfTeX warning (ext4): destination with the same identifier (name{figure.4.4}) 
has been already used, duplicate ignored
<argument> ...shipout:D \box_use:N \l_shipout_box 
                                                  \__shipout_drop_firstpage_...
l.84 
      <./Chapter4/images/j4-professional.png>] [37
pdfTeX warning (ext4): destination with the same identifier (name{figure.4.5}) 
has been already used, duplicate ignored
<argument> ...shipout:D \box_use:N \l_shipout_box 
                                                  \__shipout_drop_firstpage_...
l.86 
      <./Chapter4/images/j5-consent.png>]
Underfull \hbox (badness 10000) in paragraph at lines 99--100
[]|\T5/cmr/m/n/14.4 Responds to a Fo-cus Mode

Underfull \hbox (badness 1389) in paragraph at lines 105--106
\T5/cmr/m/n/14.4 tion-ally grounded in their own
[38
pdfTeX warning (ext4): destination with the same identifier (name{table.4.1}) h
as been already used, duplicate ignored
<argument> ...shipout:D \box_use:N \l_shipout_box 
                                                  \__shipout_drop_firstpage_...
l.120 
      ] [39]
Overfull \hbox (0.20938pt too wide) in paragraph at lines 140--141
\T5/cmr/m/n/14.4 HTTPS on port 443, be-cause mod-ern An-droid builds block plai
n-text HTTP
[40]
Overfull \hbox (5.66086pt too wide) in paragraph at lines 147--148
[]\T5/cmr/bx/n/14.4 Business logic cor-rect-ness\T5/cmr/m/n/14.4 : ver-i-fy-ing
 that work-flows such as match-

Overfull \hbox (3.47499pt too wide) in paragraph at lines 148--149
[]\T5/cmr/bx/n/14.4 Access con-trol\T5/cmr/m/n/14.4 : specif-i-cally JPQL in-je
c-tion pat-terns in hand-written
[41] [42] [43] [44] [45] [46]) [47] (Chapter5/chapter5.tex
Chapter 5.
[48]) [49]
Overfull \hbox (0.45683pt too wide) in paragraph at lines 184--184
[]\T5/cmr/m/n/14.4 World Health Or-ga-ni-za-tion. ``Men-tal health of ado-les-c
ents,'' Ac-cessed:
[50]
Overfull \hbox (10.5404pt too wide) in paragraph at lines 184--184
[]\T5/cmr/m/n/14.4 Talkspace. ``Talkspace - on-line ther-apy & psy-chi-a-try,''
 Ac-cessed: Jul. 13,
[51] [52] (Appendix/appendix1.tex
Appendix A.
) [53
pdfTeX warning (ext4): destination with the same identifier (name{table.A.1}) h
as been already used, duplicate ignored
<argument> ...shipout:D \box_use:N \l_shipout_box 
                                                  \__shipout_drop_firstpage_...
l.187 \include{Appendix/appendix1}
                                  ] (Appendix/appendix2.tex
Appendix B.

Overfull \hbox (23.72578pt too wide) in paragraph at lines 1--1
|\T5/cmr/bx/n/29.86 Deployment Con-fig-u-ra-tion Notes| 
) [54] (Appendix/appendix3.tex
Appendix C.

Underfull \hbox (badness 3271) in paragraph at lines 22--22
[]|\T5/cmr/m/n/14.4 Guided breath-ing and med-i-ta-tion,
) [55] [56
pdfTeX warning (ext4): destination with the same identifier (name{table.C.1}) h
as been already used, duplicate ignored
<argument> ...shipout:D \box_use:N \l_shipout_box 
                                                  \__shipout_drop_firstpage_...
l.189 \include{Appendix/appendix3}
                                  ] (Appendix/appendix4.tex
Appendix D.
[57] [58
pdfTeX warning (ext4): destination with the same identifier (name{table.D.1}) h
as been already used, duplicate ignored
<argument> ...shipout:D \box_use:N \l_shipout_box 
                                                  \__shipout_drop_firstpage_...
l.53 
     ]) [59
pdfTeX warning (ext4): destination with the same identifier (name{table.D.2}) h
as been already used, duplicate ignored
<argument> ...shipout:D \box_use:N \l_shipout_box 
                                                  \__shipout_drop_firstpage_...
l.190 \include{Appendix/appendix4}
                                  ] (Appendix/appendix5.tex
Appendix E.
[60
pdfTeX warning (ext4): destination with the same identifier (name{table.E.1}) h
as been already used, duplicate ignored
<argument> ...shipout:D \box_use:N \l_shipout_box 
                                                  \__shipout_drop_firstpage_...
l.33 
     ]) [61] [62
pdfTeX warning (ext4): destination with the same identifier (name{table.E.2}) h
as been already used, duplicate ignored
<argument> ...shipout:D \box_use:N \l_shipout_box 
                                                  \__shipout_drop_firstpage_...
l.191 \include{Appendix/appendix5}
                                  ] (Appendix/appendix6.tex
Appendix F.

Overfull \hbox (34.37114pt too wide) in paragraph at lines 1--1
|\T5/cmr/bx/n/29.86 Development Cy-cle and Trial Par-
[63] [64]) [65
pdfTeX warning (ext4): destination with the same identifier (name{table.F.1}) h
as been already used, duplicate ignored
<argument> ...shipout:D \box_use:N \l_shipout_box 
                                                  \__shipout_drop_firstpage_...
l.192 \include{Appendix/appendix6}
                                  ] [66] (main.aux (Appendix/commitment.aux)
(Appendix/thanks.aux) (Appendix/summary.aux) (Chapter1/chapter1.aux)
(Chapter2/chapter2.aux) (Chapter3/chapter3.aux) (Chapter4/chapter4.aux)
(Chapter5/chapter5.aux) (Appendix/appendix1.aux) (Appendix/appendix2.aux)
(Appendix/appendix3.aux) (Appendix/appendix4.aux) (Appendix/appendix5.aux)
(Appendix/appendix6.aux)) )
(see the transcript file for additional information) <C:\Users\khiem\AppData\Lo
cal\MiKTeX\fonts/pk/ljfour/jknappen/ec/dpi600\tcrm1440.pk><C:/Users/khiem/AppDa
ta/Local/Programs/MiKTeX/fonts/type1/vntex/vnr/vnbx12.pfb><C:/Users/khiem/AppDa
ta/Local/Programs/MiKTeX/fonts/type1/vntex/vnr/vncsc10.pfb><C:/Users/khiem/AppD
ata/Local/Programs/MiKTeX/fonts/type1/vntex/vnr/vnr12.pfb><C:/Users/khiem/AppDa
ta/Local/Programs/MiKTeX/fonts/type1/vntex/vnr/vnr17.pfb><C:/Users/khiem/AppDat
a/Local/Programs/MiKTeX/fonts/type1/vntex/vnr/vnti12.pfb><C:/Users/khiem/AppDat
a/Local/Programs/MiKTeX/fonts/type1/vntex/vnr/vntt12.pfb>
Output written on main.pdf (76 pages, 4090774 bytes).
Transcript written on main.log.
