\BOOKMARK [0][-]{chapter*.2}{\376\377\000A\000c\000k\000n\000o\000w\000l\000e\000d\000g\000m\000e\000n\000t\000s}{}% 1
\BOOKMARK [0][-]{chapter*.3}{\376\377\000T\000a\000b\000l\000e\000\040\000o\000f\000\040\000C\000o\000n\000t\000e\000n\000t\000s}{}% 2
\BOOKMARK [0][-]{chapter*.4}{\376\377\000L\000i\000s\000t\000\040\000o\000f\000\040\000T\000a\000b\000l\000e\000s}{}% 3
\BOOKMARK [0][-]{chapter*.5}{\376\377\000A\000b\000s\000t\000r\000a\000c\000t}{}% 4
\BOOKMARK [0][-]{chapter.1}{\376\377\000I\000n\000t\000r\000o\000d\000u\000c\000t\000i\000o\000n}{}% 5
\BOOKMARK [1][-]{section.1.1}{\376\377\000B\000a\000c\000k\000g\000r\000o\000u\000n\000d\000\040\000a\000n\000d\000\040\000M\000o\000t\000i\000v\000a\000t\000i\000o\000n}{chapter.1}% 6
\BOOKMARK [1][-]{section.1.2}{\376\377\000P\000r\000o\000b\000l\000e\000m\000\040\000S\000t\000a\000t\000e\000m\000e\000n\000t}{chapter.1}% 7
\BOOKMARK [1][-]{section.1.3}{\376\377\000O\000b\000j\000e\000c\000t\000i\000v\000e\000s}{chapter.1}% 8
\BOOKMARK [1][-]{section.1.4}{\376\377\000S\000c\000o\000p\000e}{chapter.1}% 9
\BOOKMARK [1][-]{section.1.5}{\376\377\000C\000o\000n\000t\000r\000i\000b\000u\000t\000i\000o\000n\000s}{chapter.1}% 10
\BOOKMARK [0][-]{chapter.2}{\376\377\000R\000e\000l\000a\000t\000e\000d\000\040\000W\000o\000r\000k}{}% 11
\BOOKMARK [1][-]{section.2.1}{\376\377\000S\000e\000l\000f\000-\000C\000a\000r\000e\000\040\000a\000n\000d\000\040\000T\000r\000a\000c\000k\000i\000n\000g\000\040\000A\000p\000p\000l\000i\000c\000a\000t\000i\000o\000n\000s}{chapter.2}% 12
\BOOKMARK [1][-]{section.2.2}{\376\377\000P\000r\000o\000f\000e\000s\000s\000i\000o\000n\000a\000l\000\040\000T\000h\000e\000r\000a\000p\000y\000\040\000P\000l\000a\000t\000f\000o\000r\000m\000s}{chapter.2}% 13
\BOOKMARK [1][-]{section.2.3}{\376\377\000S\000o\000c\000i\000a\000l\000\040\000a\000n\000d\000\040\000F\000a\000m\000i\000l\000y\000\040\000C\000o\000n\000n\000e\000c\000t\000i\000o\000n\000\040\000P\000l\000a\000t\000f\000o\000r\000m\000s}{chapter.2}% 14
\BOOKMARK [1][-]{section.2.4}{\376\377\000G\000e\000n\000e\000r\000a\000l\000-\000P\000u\000r\000p\000o\000s\000e\000\040\000A\000I\000\040\000f\000o\000r\000\040\000M\000e\000n\000t\000a\000l\000\040\000H\000e\000a\000l\000t\000h\000\040\000A\000d\000v\000i\000c\000e}{chapter.2}% 15
\BOOKMARK [1][-]{section.2.5}{\376\377\000P\000o\000s\000i\000t\000i\000o\000n\000i\000n\000g\000\040\000o\000f\000\040\000u\000M\000a\000t\000t\000e\000r}{chapter.2}% 16
\BOOKMARK [1][-]{section.2.6}{\376\377\000A\000r\000c\000h\000i\000t\000e\000c\000t\000u\000r\000a\000l\000\040\000F\000o\000u\000n\000d\000a\000t\000i\000o\000n\000s}{chapter.2}% 17
\BOOKMARK [1][-]{section.2.7}{\376\377\000S\000e\000c\000u\000r\000i\000t\000y\000\040\000F\000o\000u\000n\000d\000a\000t\000i\000o\000n\000s}{chapter.2}% 18
\BOOKMARK [1][-]{section.2.8}{\376\377\000A\000I\000\040\000C\000o\000m\000p\000a\000n\000i\000o\000n\000\040\000A\000n\000d\000\040\000V\000i\000d\000e\000o\000\040\000C\000o\000n\000s\000u\000l\000t\000a\000t\000i\000o\000n}{chapter.2}% 19
\BOOKMARK [0][-]{chapter.3}{\376\377\000S\000y\000s\000t\000e\000m\000\040\000A\000n\000a\000l\000y\000s\000i\000s\000\040\000a\000n\000d\000\040\000D\000e\000s\000i\000g\000n}{}% 20
\BOOKMARK [1][-]{section.3.1}{\376\377\000R\000e\000q\000u\000i\000r\000e\000m\000e\000n\000t\000s\000\040\000A\000n\000a\000l\000y\000s\000i\000s}{chapter.3}% 21
\BOOKMARK [2][-]{subsection.3.1.1}{\376\377\000E\000l\000i\000c\000i\000t\000a\000t\000i\000o\000n\000\040\000a\000n\000d\000\040\000I\000t\000e\000r\000a\000t\000i\000v\000e\000\040\000V\000a\000l\000i\000d\000a\000t\000i\000o\000n}{section.3.1}% 22
\BOOKMARK [1][-]{section.3.2}{\376\377\000O\000v\000e\000r\000a\000l\000l\000\040\000A\000r\000c\000h\000i\000t\000e\000c\000t\000u\000r\000e}{chapter.3}% 23
\BOOKMARK [1][-]{section.3.3}{\376\377\000S\000e\000r\000v\000i\000c\000e\000\040\000D\000e\000c\000o\000m\000p\000o\000s\000i\000t\000i\000o\000n}{chapter.3}% 24
\BOOKMARK [1][-]{section.3.4}{\376\377\000D\000a\000t\000a\000\040\000A\000r\000c\000h\000i\000t\000e\000c\000t\000u\000r\000e}{chapter.3}% 25
\BOOKMARK [1][-]{section.3.5}{\376\377\000E\000v\000e\000n\000t\000-\000D\000r\000i\000v\000e\000n\000\040\000M\000e\000s\000s\000a\000g\000i\000n\000g}{chapter.3}% 26
\BOOKMARK [1][-]{section.3.6}{\376\377\000A\000u\000t\000h\000e\000n\000t\000i\000c\000a\000t\000i\000o\000n\000,\000\040\000A\000u\000t\000h\000o\000r\000i\000z\000a\000t\000i\000o\000n\000,\000\040\000a\000n\000d\000\040\000D\000a\000t\000a\000\040\000S\000h\000a\000r\000i\000n\000g}{chapter.3}% 27
\BOOKMARK [1][-]{section.3.7}{\376\377\000A\000I\000\040\000C\000o\000m\000p\000a\000n\000i\000o\000n}{chapter.3}% 28
\BOOKMARK [1][-]{section.3.8}{\376\377\000P\000r\000o\000f\000e\000s\000s\000i\000o\000n\000a\000l\000\040\000W\000o\000r\000k\000f\000l\000o\000w\000s}{chapter.3}% 29
\BOOKMARK [1][-]{section.3.9}{\376\377\000P\000e\000e\000r\000\040\000a\000n\000d\000\040\000F\000a\000m\000i\000l\000y\000\040\000C\000o\000n\000n\000e\000c\000t\000i\000o\000n}{chapter.3}% 30
\BOOKMARK [1][-]{section.3.10}{\376\377\000S\000e\000l\000f\000-\000C\000a\000r\000e\000\040\000F\000e\000a\000t\000u\000r\000e\000s}{chapter.3}% 31
\BOOKMARK [1][-]{section.3.11}{\376\377\000D\000e\000p\000l\000o\000y\000m\000e\000n\000t\000\040\000T\000o\000p\000o\000l\000o\000g\000y}{chapter.3}% 32
\BOOKMARK [0][-]{chapter.4}{\376\377\000I\000m\000p\000l\000e\000m\000e\000n\000t\000a\000t\000i\000o\000n\000\040\000a\000n\000d\000\040\000E\000v\000a\000l\000u\000a\000t\000i\000o\000n}{}% 33
\BOOKMARK [1][-]{section.4.1}{\376\377\000T\000h\000e\000\040\000P\000r\000o\000d\000u\000c\000t\000:\000\040\000E\000n\000d\000-\000t\000o\000-\000E\000n\000d\000\040\000U\000s\000e\000r\000\040\000J\000o\000u\000r\000n\000e\000y\000s}{chapter.4}% 34
\BOOKMARK [2][-]{subsection.4.1.1}{\376\377\000T\000h\000e\000\040\000d\000a\000i\000l\000y\000\040\000l\000o\000o\000p}{section.4.1}% 35
\BOOKMARK [2][-]{subsection.4.1.2}{\376\377\000S\000o\000m\000e\000o\000n\000e\000\040\000t\000o\000\040\000t\000a\000l\000k\000\040\000t\000o\000,\000\040\000a\000t\000\040\000a\000n\000y\000\040\000h\000o\000u\000r}{section.4.1}% 36
\BOOKMARK [2][-]{subsection.4.1.3}{\376\377\000C\000r\000o\000s\000s\000i\000n\000g\000\040\000i\000n\000t\000o\000\040\000p\000r\000o\000f\000e\000s\000s\000i\000o\000n\000a\000l\000\040\000c\000a\000r\000e}{section.4.1}% 37
\BOOKMARK [2][-]{subsection.4.1.4}{\376\377\000C\000h\000o\000o\000s\000i\000n\000g\000\040\000w\000h\000o\000\040\000s\000e\000e\000s}{section.4.1}% 38
\BOOKMARK [1][-]{section.4.2}{\376\377\000I\000m\000p\000l\000e\000m\000e\000n\000t\000a\000t\000i\000o\000n\000\040\000O\000v\000e\000r\000v\000i\000e\000w}{chapter.4}% 39
\BOOKMARK [1][-]{section.4.3}{\376\377\000D\000e\000p\000l\000o\000y\000m\000e\000n\000t}{chapter.4}% 40
\BOOKMARK [2][-]{subsection.4.3.1}{\376\377\000M\000o\000b\000i\000l\000e\000\040\000A\000p\000p\000l\000i\000c\000a\000t\000i\000o\000n\000\040\000D\000i\000s\000t\000r\000i\000b\000u\000t\000i\000o\000n}{section.4.3}% 41
\BOOKMARK [1][-]{section.4.4}{\376\377\000S\000e\000c\000u\000r\000i\000t\000y\000\040\000H\000a\000r\000d\000e\000n\000i\000n\000g}{chapter.4}% 42
\BOOKMARK [1][-]{section.4.5}{\376\377\000E\000v\000a\000l\000u\000a\000t\000i\000o\000n}{chapter.4}% 43
\BOOKMARK [2][-]{subsection.4.5.1}{\376\377\000F\000u\000n\000c\000t\000i\000o\000n\000a\000l\000\040\000C\000o\000m\000p\000l\000e\000t\000e\000n\000e\000s\000s}{section.4.5}% 44
\BOOKMARK [2][-]{subsection.4.5.2}{\376\377\000S\000e\000c\000u\000r\000i\000t\000y\000\040\000P\000o\000s\000t\000u\000r\000e}{section.4.5}% 45
\BOOKMARK [2][-]{subsection.4.5.3}{\376\377\000C\000o\000m\000p\000a\000r\000i\000s\000o\000n\000\040\000w\000i\000t\000h\000\040\000E\000x\000i\000s\000t\000i\000n\000g\000\040\000P\000l\000a\000t\000f\000o\000r\000m\000s}{section.4.5}% 46
\BOOKMARK [2][-]{subsection.4.5.4}{\376\377\000M\000o\000s\000t\000-\000V\000a\000l\000u\000e\000d\000\040\000F\000e\000a\000t\000u\000r\000e\000s}{section.4.5}% 47
\BOOKMARK [2][-]{subsection.4.5.5}{\376\377\000K\000e\000y\000\040\000F\000i\000n\000d\000i\000n\000g\000s}{section.4.5}% 48
\BOOKMARK [0][-]{chapter.5}{\376\377\000C\000o\000n\000c\000l\000u\000s\000i\000o\000n\000\040\000a\000n\000d\000\040\000F\000u\000t\000u\000r\000e\000\040\000W\000o\000r\000k}{}% 49
\BOOKMARK [1][-]{section.5.1}{\376\377\000C\000o\000n\000c\000l\000u\000s\000i\000o\000n}{chapter.5}% 50
\BOOKMARK [1][-]{section.5.2}{\376\377\000L\000i\000m\000i\000t\000a\000t\000i\000o\000n\000s}{chapter.5}% 51
\BOOKMARK [1][-]{section.5.3}{\376\377\000F\000u\000t\000u\000r\000e\000\040\000W\000o\000r\000k}{chapter.5}% 52
\BOOKMARK [0][-]{Item.3}{\376\377\000R\000e\000f\000e\000r\000e\000n\000c\000e\000s}{}% 53
\BOOKMARK [0][-]{appendix.A}{\376\377\000A\000P\000I\000\040\000E\000n\000d\000p\000o\000i\000n\000t\000\040\000S\000u\000m\000m\000a\000r\000y}{}% 54
\BOOKMARK [0][-]{appendix.B}{\376\377\000D\000e\000p\000l\000o\000y\000m\000e\000n\000t\000\040\000C\000o\000n\000f\000i\000g\000u\000r\000a\000t\000i\000o\000n\000\040\000N\000o\000t\000e\000s}{}% 55
\BOOKMARK [0][-]{appendix.C}{\376\377\000R\000e\000q\000u\000i\000r\000e\000m\000e\000n\000t\000\040\000T\000r\000a\000c\000e\000a\000b\000i\000l\000i\000t\000y}{}% 56
\BOOKMARK [0][-]{appendix.D}{\376\377\000B\000a\000s\000e\000l\000i\000n\000e\000\040\000P\000l\000a\000t\000f\000o\000r\000m\000\040\000E\000v\000a\000l\000u\000a\000t\000i\000o\000n}{}% 57
\BOOKMARK [1][-]{section.D.1}{\376\377\000S\000t\000u\000d\000y\000\040\000D\000e\000s\000i\000g\000n}{appendix.D}% 58
\BOOKMARK [1][-]{section.D.2}{\376\377\000F\000i\000n\000d\000i\000n\000g\000s}{appendix.D}% 59
\BOOKMARK [0][-]{appendix.E}{\376\377\000T\000e\000c\000h\000n\000o\000l\000o\000g\000y\000\040\000S\000e\000l\000e\000c\000t\000i\000o\000n\000\040\000R\000a\000t\000i\000o\000n\000a\000l\000e}{}% 60
\BOOKMARK [1][-]{section.E.1}{\376\377\000L\000a\000n\000g\000u\000a\000g\000e\000\040\000M\000o\000d\000e\000l}{appendix.E}% 61
\BOOKMARK [1][-]{section.E.2}{\376\377\000C\000l\000i\000e\000n\000t\000\040\000a\000n\000d\000\040\000B\000a\000c\000k\000e\000n\000d\000\040\000P\000l\000a\000t\000f\000o\000r\000m}{appendix.E}% 62
\BOOKMARK [0][-]{appendix.F}{\376\377\000D\000e\000v\000e\000l\000o\000p\000m\000e\000n\000t\000\040\000C\000y\000c\000l\000e\000\040\000a\000n\000d\000\040\000T\000r\000i\000a\000l\000\040\000P\000a\000r\000t\000i\000c\000i\000p\000a\000n\000t\000s}{}% 63
\BOOKMARK [1][-]{section.F.1}{\376\377\000W\000e\000e\000k\000l\000y\000\040\000R\000e\000v\000i\000e\000w\000\040\000C\000y\000c\000l\000e}{appendix.F}% 64
\BOOKMARK [1][-]{section.F.2}{\376\377\000U\000s\000e\000r\000-\000S\000t\000o\000r\000y\000\040\000a\000n\000d\000\040\000F\000e\000e\000d\000b\000a\000c\000k\000\040\000P\000a\000r\000t\000i\000c\000i\000p\000a\000n\000t\000s}{appendix.F}% 65
\BOOKMARK [1][-]{section.F.3}{\376\377\000C\000l\000o\000s\000e\000d\000-\000T\000e\000s\000t\000i\000n\000g\000\040\000C\000o\000h\000o\000r\000t}{appendix.F}% 66
